MINIMIZING_COINS/

